// Jest Snapshot v1, https://goo.gl/fbAQLP

exports[`<Form/> Renders correctly 1`] = `ShallowWrapper {}`;
