// Jest Snapshot v1, https://goo.gl/fbAQLP

exports[`<ListContainer/> Renders correctly 1`] = `ShallowWrapper {}`;
